D:\Pramod 2\Engineearing\FaceXpress\Source_Code\hotel_checkin_server-master\pms-client\src\main\java\com\nec\pms\model\PMSToken.java
D:\Pramod 2\Engineearing\FaceXpress\Source_Code\hotel_checkin_server-master\pms-client\src\main\java\com\nec\pms\model\regcard\FileContents.java
D:\Pramod 2\Engineearing\FaceXpress\Source_Code\hotel_checkin_server-master\pms-client\src\main\java\com\nec\pms\model\reservation\ReservationsData.java
D:\Pramod 2\Engineearing\FaceXpress\Source_Code\hotel_checkin_server-master\pms-client\src\main\java\com\nec\pms\model\checkin\Room.java
D:\Pramod 2\Engineearing\FaceXpress\Source_Code\hotel_checkin_server-master\pms-client\src\main\java\com\nec\pms\model\checkin\RoomDescription.java
D:\Pramod 2\Engineearing\FaceXpress\Source_Code\hotel_checkin_server-master\pms-client\src\main\java\com\nec\pms\model\packages\AmountData.java
D:\Pramod 2\Engineearing\FaceXpress\Source_Code\hotel_checkin_server-master\pms-client\src\main\java\com\nec\pms\gateway\PMSGateway.java
D:\Pramod 2\Engineearing\FaceXpress\Source_Code\hotel_checkin_server-master\pms-client\src\main\java\com\nec\pms\gateway\PMSTokenGateway.java
D:\Pramod 2\Engineearing\FaceXpress\Source_Code\hotel_checkin_server-master\pms-client\src\main\java\com\nec\pms\model\checkin\Attributes.java
D:\Pramod 2\Engineearing\FaceXpress\Source_Code\hotel_checkin_server-master\pms-client\src\main\java\com\nec\pms\model\checkin\Profile.java
D:\Pramod 2\Engineearing\FaceXpress\Source_Code\hotel_checkin_server-master\pms-client\src\main\java\com\nec\pms\model\checkin\ReservationID.java
D:\Pramod 2\Engineearing\FaceXpress\Source_Code\hotel_checkin_server-master\pms-client\src\main\java\com\nec\pms\model\checkin\CheckInComplete.java
D:\Pramod 2\Engineearing\FaceXpress\Source_Code\hotel_checkin_server-master\pms-client\src\main\java\com\nec\pms\model\guest\KidsGuest.java
D:\Pramod 2\Engineearing\FaceXpress\Source_Code\hotel_checkin_server-master\pms-client\src\main\java\com\nec\pms\model\TaxesAndFee.java
D:\Pramod 2\Engineearing\FaceXpress\Source_Code\hotel_checkin_server-master\pms-client\src\main\java\com\nec\pms\model\guest\SharedGuest.java
D:\Pramod 2\Engineearing\FaceXpress\Source_Code\hotel_checkin_server-master\pms-client\src\main\java\com\nec\pms\model\PMSTokenResponse.java
D:\Pramod 2\Engineearing\FaceXpress\Source_Code\hotel_checkin_server-master\pms-client\src\main\java\com\nec\pms\model\reservation\PmsReservationsDetails.java
D:\Pramod 2\Engineearing\FaceXpress\Source_Code\hotel_checkin_server-master\pms-client\src\main\java\com\nec\pms\model\guest\Address.java
D:\Pramod 2\Engineearing\FaceXpress\Source_Code\hotel_checkin_server-master\pms-client\src\main\java\com\nec\pms\client\PMSTokenClient.java
D:\Pramod 2\Engineearing\FaceXpress\Source_Code\hotel_checkin_server-master\pms-client\src\main\java\com\nec\pms\model\checkin\UniqueID.java
D:\Pramod 2\Engineearing\FaceXpress\Source_Code\hotel_checkin_server-master\pms-client\src\main\java\com\nec\pms\utils\PhoneNumberLibUtils.java
D:\Pramod 2\Engineearing\FaceXpress\Source_Code\hotel_checkin_server-master\pms-client\src\main\java\com\nec\pms\model\checkin\ETA.java
D:\Pramod 2\Engineearing\FaceXpress\Source_Code\hotel_checkin_server-master\pms-client\src\main\java\com\nec\pms\model\packages\Packages.java
D:\Pramod 2\Engineearing\FaceXpress\Source_Code\hotel_checkin_server-master\pms-client\src\main\java\com\nec\pms\model\packages\Values.java
D:\Pramod 2\Engineearing\FaceXpress\Source_Code\hotel_checkin_server-master\pms-client\src\main\java\com\nec\pms\client\PMSClient.java
D:\Pramod 2\Engineearing\FaceXpress\Source_Code\hotel_checkin_server-master\pms-client\src\main\java\com\nec\pms\model\guest\Timespan.java
D:\Pramod 2\Engineearing\FaceXpress\Source_Code\hotel_checkin_server-master\pms-client\src\main\java\com\nec\pms\model\packages\Description.java
D:\Pramod 2\Engineearing\FaceXpress\Source_Code\hotel_checkin_server-master\pms-client\src\main\java\com\nec\pms\utils\PropertiesCache.java
D:\Pramod 2\Engineearing\FaceXpress\Source_Code\hotel_checkin_server-master\pms-client\src\main\java\com\nec\pms\model\regcard\RegCardData.java
D:\Pramod 2\Engineearing\FaceXpress\Source_Code\hotel_checkin_server-master\pms-client\src\main\java\com\nec\pms\model\PMSTokenRequest.java
D:\Pramod 2\Engineearing\FaceXpress\Source_Code\hotel_checkin_server-master\pms-client\src\main\java\com\nec\pms\model\packages\Attributes.java
D:\Pramod 2\Engineearing\FaceXpress\Source_Code\hotel_checkin_server-master\pms-client\src\main\java\com\nec\pms\model\checkin\CheckinResponse.java
D:\Pramod 2\Engineearing\FaceXpress\Source_Code\hotel_checkin_server-master\pms-client\src\main\java\com\nec\pms\config\PMSConfig.java
D:\Pramod 2\Engineearing\FaceXpress\Source_Code\hotel_checkin_server-master\pms-client\src\main\java\com\nec\pms\model\guest\PrimaryGuest.java
D:\Pramod 2\Engineearing\FaceXpress\Source_Code\hotel_checkin_server-master\pms-client\src\main\java\com\nec\pms\model\packages\ShortDescription.java
D:\Pramod 2\Engineearing\FaceXpress\Source_Code\hotel_checkin_server-master\pms-client\src\main\java\com\nec\pms\model\checkin\Package.java
D:\Pramod 2\Engineearing\FaceXpress\Source_Code\hotel_checkin_server-master\pms-client\src\main\java\com\nec\pms\model\packages\PackageDetails.java
D:\Pramod 2\Engineearing\FaceXpress\Source_Code\hotel_checkin_server-master\pms-client\src\main\java\com\nec\pms\model\reservation\Data.java
D:\Pramod 2\Engineearing\FaceXpress\Source_Code\hotel_checkin_server-master\pms-client\src\main\java\com\nec\pms\model\guest\AccompanyGuest.java
D:\Pramod 2\Engineearing\FaceXpress\Source_Code\hotel_checkin_server-master\pms-client\src\main\java\com\nec\pms\model\packages\PackageData.java
D:\Pramod 2\Engineearing\FaceXpress\Source_Code\hotel_checkin_server-master\pms-client\src\main\java\com\nec\pms\model\ExpectedCharges.java
D:\Pramod 2\Engineearing\FaceXpress\Source_Code\hotel_checkin_server-master\pms-client\src\main\java\com\nec\pms\model\checkin\Customer.java
D:\Pramod 2\Engineearing\FaceXpress\Source_Code\hotel_checkin_server-master\pms-client\src\main\java\com\nec\pms\model\FlightDetails.java
D:\Pramod 2\Engineearing\FaceXpress\Source_Code\hotel_checkin_server-master\pms-client\src\main\java\com\nec\pms\model\checkin\PrecheckinDetailsDTO.java
D:\Pramod 2\Engineearing\FaceXpress\Source_Code\hotel_checkin_server-master\pms-client\src\main\java\com\nec\pms\model\RoomDetail.java
D:\Pramod 2\Engineearing\FaceXpress\Source_Code\hotel_checkin_server-master\pms-client\src\main\java\com\nec\pms\model\checkin\PmsGuestDTO.java
D:\Pramod 2\Engineearing\FaceXpress\Source_Code\hotel_checkin_server-master\pms-client\src\main\java\com\nec\pms\model\DailyBreakdown.java
D:\Pramod 2\Engineearing\FaceXpress\Source_Code\hotel_checkin_server-master\pms-client\src\main\java\com\nec\pms\model\Transport.java
D:\Pramod 2\Engineearing\FaceXpress\Source_Code\hotel_checkin_server-master\pms-client\src\main\java\com\nec\pms\config\PMSTokenConfig.java
D:\Pramod 2\Engineearing\FaceXpress\Source_Code\hotel_checkin_server-master\pms-client\src\main\java\com\nec\pms\model\RoomRatesAndPackage.java
D:\Pramod 2\Engineearing\FaceXpress\Source_Code\hotel_checkin_server-master\pms-client\src\main\java\com\nec\pms\PMSClientApplication.java
D:\Pramod 2\Engineearing\FaceXpress\Source_Code\hotel_checkin_server-master\pms-client\src\main\java\com\nec\pms\model\checkin\Checkin.java
D:\Pramod 2\Engineearing\FaceXpress\Source_Code\hotel_checkin_server-master\pms-client\src\main\java\com\nec\pms\model\checkin\RoomTypeAttributes.java
D:\Pramod 2\Engineearing\FaceXpress\Source_Code\hotel_checkin_server-master\pms-client\src\main\java\com\nec\pms\model\regcard\DocumentToSign.java
D:\Pramod 2\Engineearing\FaceXpress\Source_Code\hotel_checkin_server-master\pms-client\src\main\java\com\nec\pms\model\checkin\RoomType.java
D:\Pramod 2\Engineearing\FaceXpress\Source_Code\hotel_checkin_server-master\pms-client\src\main\java\com\nec\pms\model\packages\Package.java
D:\Pramod 2\Engineearing\FaceXpress\Source_Code\hotel_checkin_server-master\pms-client\src\main\java\com\nec\pms\model\packages\Amount.java
D:\Pramod 2\Engineearing\FaceXpress\Source_Code\hotel_checkin_server-master\pms-client\src\main\java\com\nec\pms\model\reservation\PmsReservation.java
D:\Pramod 2\Engineearing\FaceXpress\Source_Code\hotel_checkin_server-master\pms-client\src\main\java\com\nec\pms\model\checkin\RoomNumber.java
D:\Pramod 2\Engineearing\FaceXpress\Source_Code\hotel_checkin_server-master\pms-client\src\main\java\com\nec\pms\model\checkin\CheckinData.java
D:\Pramod 2\Engineearing\FaceXpress\Source_Code\hotel_checkin_server-master\pms-client\src\main\java\com\nec\pms\model\checkin\UniqueIDAttributes.java
D:\Pramod 2\Engineearing\FaceXpress\Source_Code\hotel_checkin_server-master\pms-client\src\main\java\com\nec\pms\model\packages\Text.java
D:\Pramod 2\Engineearing\FaceXpress\Source_Code\hotel_checkin_server-master\pms-client\src\main\java\com\nec\pms\model\guest\Name.java
D:\Pramod 2\Engineearing\FaceXpress\Source_Code\hotel_checkin_server-master\pms-client\src\main\java\com\nec\pms\model\packages\PackageList.java
