com\nec\hotels\enums\ValidExtensions$1.class
com\nec\hotels\dao\BookingRepository.class
com\nec\hotels\service\Qr.class
com\nec\hotels\enums\PreCheckinStatus.class
com\nec\hotels\model\checkin\CheckinDetails.class
com\nec\hotels\model\guest\GuestFactory.class
com\nec\hotels\enums\UserType.class
com\nec\hotels\mapper\AddressMapper.class
com\nec\hotels\enums\UploadTypes$1.class
com\nec\hotels\controller\HotelController.class
com\nec\hotels\model\guest\SharedGuest.class
com\nec\hotels\entity\OtpConfig.class
com\nec\hotels\utils\CustomMultipartFile.class
com\nec\hotels\entity\CardDetails.class
com\nec\hotels\dao\OtpConfigRepository.class
com\nec\hotels\model\OffsetBasedPageRequest.class
com\nec\hotels\model\booking\BookingDTO.class
com\nec\hotels\utils\Base64DecodedMultipartFile.class
com\nec\hotels\entity\Booking.class
com\nec\hotels\service\QrDecryptionService.class
com\nec\hotels\config\DataSourceConfig.class
com\nec\hotels\entity\Address.class
com\nec\hotels\model\guest\PrimaryGuest.class
com\nec\hotels\service\BookingService.class
com\nec\hotels\mapper\BookingMapper$1.class
com\nec\hotels\model\booking\Room.class
com\nec\hotels\enums\DocumentTypes$1.class
com\nec\hotels\model\guest\GuestDetails.class
com\nec\hotels\enums\CheckinStatus$1.class
com\nec\hotels\enums\ValidExtensions.class
com\nec\hotels\entity\Booking$Builder.class
com\nec\hotels\dao\GuestDocumentRepository.class
com\nec\hotels\service\EmailAndSmsService.class
com\nec\hotels\model\guest\SecondaryGuest.class
com\nec\hotels\model\booking\BookingResponse.class
com\nec\hotels\controller\BookingController.class
com\nec\hotels\dao\GuestRepository.class
com\nec\hotels\controller\GuestController.class
com\nec\hotels\mapper\BookingMapper.class
com\nec\hotels\utils\MediaTypeUtils.class
com\nec\hotels\model\checkin\PreCheckinDTO.class
com\nec\hotels\enums\DocumentTypes.class
com\nec\hotels\service\HotelService.class
com\nec\hotels\config\MasterEurekaConfig.class
com\nec\hotels\service\UserService.class
com\nec\hotels\service\FileService.class
com\nec\hotels\HotelApplication.class
com\nec\hotels\service\FaceRecognitionService.class
com\nec\hotels\controller\UserController.class
com\nec\hotels\utils\Constants.class
com\nec\hotels\model\document\UploadFileRequest.class
com\nec\hotels\model\AdminStats.class
com\nec\hotels\entity\GuestDocuments.class
com\nec\hotels\service\QREncryptionService.class
com\nec\hotels\model\guest\GuestFactory$1.class
com\nec\hotels\service\OCRService.class
com\nec\hotels\service\GuestService.class
com\nec\hotels\model\booking\RoomInclusions.class
com\nec\hotels\controller\Crypto.class
com\nec\hotels\model\guest\AccompanyGuest.class
com\nec\hotels\model\booking\PreferencesDTO.class
com\nec\hotels\service\MasterService.class
com\nec\hotels\model\booking\MultipleBookings.class
com\nec\hotels\entity\SpecialAmenities.class
com\nec\hotels\enums\CheckinStatus.class
com\nec\hotels\filter\RoleFilter.class
com\nec\hotels\utils\FileUtils.class
com\nec\hotels\model\guest\GuestDTO.class
com\nec\hotels\utils\DateUtils.class
com\nec\hotels\utils\BookingUtils.class
com\nec\hotels\model\booking\FlightDetails.class
com\nec\hotels\controller\FaceRecognitionController.class
com\nec\hotels\service\OAuthService.class
com\nec\hotels\enums\GuestType.class
com\nec\hotels\service\test.class
com\nec\hotels\scheduler\BookingFetchSchduler.class
com\nec\hotels\dao\GuestSpecialAmenitiesRepository.class
com\nec\hotels\service\BookingService$1.class
com\nec\hotels\entity\Guest$Builder.class
com\nec\hotels\entity\Guest.class
com\nec\hotels\config\CustomRoutingDataSource.class
com\nec\hotels\enums\UserType$1.class
com\nec\hotels\model\WebhookResponse.class
com\nec\hotels\model\QrCode.class
com\nec\hotels\enums\PreCheckinStatus$1.class
com\nec\hotels\enums\UploadTypes.class
com\nec\hotels\service\OtpService.class
com\nec\hotels\service\PMSService.class
com\nec\hotels\entity\GuestSpecialAmenities.class
com\nec\hotels\service\BookingSchedulerService.class
com\nec\hotels\enums\Title$1.class
com\nec\hotels\model\checkin\CheckinDTO.class
com\nec\hotels\dao\SpecialAmenitiesRepository.class
com\nec\hotels\model\guest\KidsGuest.class
com\nec\hotels\enums\Title.class
