D:\Pramod 2\Engineearing\FaceXpress\Source_Code\hotel_checkin_server-master\hotels\src\main\java\com\nec\hotels\entity\SpecialAmenities.java
D:\Pramod 2\Engineearing\FaceXpress\Source_Code\hotel_checkin_server-master\hotels\src\main\java\com\nec\hotels\service\QREncryptionService.java
D:\Pramod 2\Engineearing\FaceXpress\Source_Code\hotel_checkin_server-master\hotels\src\main\java\com\nec\hotels\controller\UserController.java
D:\Pramod 2\Engineearing\FaceXpress\Source_Code\hotel_checkin_server-master\hotels\src\main\java\com\nec\hotels\enums\UserType.java
D:\Pramod 2\Engineearing\FaceXpress\Source_Code\hotel_checkin_server-master\hotels\src\main\java\com\nec\hotels\utils\DateUtils.java
D:\Pramod 2\Engineearing\FaceXpress\Source_Code\hotel_checkin_server-master\hotels\src\main\java\com\nec\hotels\model\booking\BookingDTO.java
D:\Pramod 2\Engineearing\FaceXpress\Source_Code\hotel_checkin_server-master\hotels\src\main\java\com\nec\hotels\service\BookingSchedulerService.java
D:\Pramod 2\Engineearing\FaceXpress\Source_Code\hotel_checkin_server-master\hotels\src\main\java\com\nec\hotels\controller\HotelController.java
D:\Pramod 2\Engineearing\FaceXpress\Source_Code\hotel_checkin_server-master\hotels\src\main\java\com\nec\hotels\enums\UploadTypes.java
D:\Pramod 2\Engineearing\FaceXpress\Source_Code\hotel_checkin_server-master\hotels\src\main\java\com\nec\hotels\entity\Guest.java
D:\Pramod 2\Engineearing\FaceXpress\Source_Code\hotel_checkin_server-master\hotels\src\main\java\com\nec\hotels\dao\GuestDocumentRepository.java
D:\Pramod 2\Engineearing\FaceXpress\Source_Code\hotel_checkin_server-master\hotels\src\main\java\com\nec\hotels\service\OAuthService.java
D:\Pramod 2\Engineearing\FaceXpress\Source_Code\hotel_checkin_server-master\hotels\src\main\java\com\nec\hotels\dao\SpecialAmenitiesRepository.java
D:\Pramod 2\Engineearing\FaceXpress\Source_Code\hotel_checkin_server-master\hotels\src\main\java\com\nec\hotels\service\OCRService.java
D:\Pramod 2\Engineearing\FaceXpress\Source_Code\hotel_checkin_server-master\hotels\src\main\java\com\nec\hotels\service\PMSService.java
D:\Pramod 2\Engineearing\FaceXpress\Source_Code\hotel_checkin_server-master\hotels\src\main\java\com\nec\hotels\controller\FaceRecognitionController.java
D:\Pramod 2\Engineearing\FaceXpress\Source_Code\hotel_checkin_server-master\hotels\src\main\java\com\nec\hotels\mapper\BookingMapper.java
D:\Pramod 2\Engineearing\FaceXpress\Source_Code\hotel_checkin_server-master\hotels\src\main\java\com\nec\hotels\model\checkin\PreCheckinDTO.java
D:\Pramod 2\Engineearing\FaceXpress\Source_Code\hotel_checkin_server-master\hotels\src\main\java\com\nec\hotels\model\booking\MultipleBookings.java
D:\Pramod 2\Engineearing\FaceXpress\Source_Code\hotel_checkin_server-master\hotels\src\main\java\com\nec\hotels\model\document\UploadFileRequest.java
D:\Pramod 2\Engineearing\FaceXpress\Source_Code\hotel_checkin_server-master\hotels\src\main\java\com\nec\hotels\enums\CheckinStatus.java
D:\Pramod 2\Engineearing\FaceXpress\Source_Code\hotel_checkin_server-master\hotels\src\main\java\com\nec\hotels\model\guest\PrimaryGuest.java
D:\Pramod 2\Engineearing\FaceXpress\Source_Code\hotel_checkin_server-master\hotels\src\main\java\com\nec\hotels\entity\OtpConfig.java
D:\Pramod 2\Engineearing\FaceXpress\Source_Code\hotel_checkin_server-master\hotels\src\main\java\com\nec\hotels\model\guest\AccompanyGuest.java
D:\Pramod 2\Engineearing\FaceXpress\Source_Code\hotel_checkin_server-master\hotels\src\main\java\com\nec\hotels\model\QrCode.java
D:\Pramod 2\Engineearing\FaceXpress\Source_Code\hotel_checkin_server-master\hotels\src\main\java\com\nec\hotels\utils\CustomMultipartFile.java
D:\Pramod 2\Engineearing\FaceXpress\Source_Code\hotel_checkin_server-master\hotels\src\main\java\com\nec\hotels\config\MasterEurekaConfig.java
D:\Pramod 2\Engineearing\FaceXpress\Source_Code\hotel_checkin_server-master\hotels\src\main\java\com\nec\hotels\utils\Base64DecodedMultipartFile.java
D:\Pramod 2\Engineearing\FaceXpress\Source_Code\hotel_checkin_server-master\hotels\src\main\java\com\nec\hotels\model\guest\GuestDTO.java
D:\Pramod 2\Engineearing\FaceXpress\Source_Code\hotel_checkin_server-master\hotels\src\main\java\com\nec\hotels\service\FileService.java
D:\Pramod 2\Engineearing\FaceXpress\Source_Code\hotel_checkin_server-master\hotels\src\main\java\com\nec\hotels\service\GuestService.java
D:\Pramod 2\Engineearing\FaceXpress\Source_Code\hotel_checkin_server-master\hotels\src\main\java\com\nec\hotels\service\MasterService.java
D:\Pramod 2\Engineearing\FaceXpress\Source_Code\hotel_checkin_server-master\hotels\src\main\java\com\nec\hotels\utils\FileUtils.java
D:\Pramod 2\Engineearing\FaceXpress\Source_Code\hotel_checkin_server-master\hotels\src\main\java\com\nec\hotels\controller\BookingController.java
D:\Pramod 2\Engineearing\FaceXpress\Source_Code\hotel_checkin_server-master\hotels\src\main\java\com\nec\hotels\service\UserService.java
D:\Pramod 2\Engineearing\FaceXpress\Source_Code\hotel_checkin_server-master\hotels\src\main\java\com\nec\hotels\model\booking\PreferencesDTO.java
D:\Pramod 2\Engineearing\FaceXpress\Source_Code\hotel_checkin_server-master\hotels\src\main\java\com\nec\hotels\enums\DocumentTypes.java
D:\Pramod 2\Engineearing\FaceXpress\Source_Code\hotel_checkin_server-master\hotels\src\main\java\com\nec\hotels\model\OffsetBasedPageRequest.java
D:\Pramod 2\Engineearing\FaceXpress\Source_Code\hotel_checkin_server-master\hotels\src\main\java\com\nec\hotels\HotelApplication.java
D:\Pramod 2\Engineearing\FaceXpress\Source_Code\hotel_checkin_server-master\hotels\src\main\java\com\nec\hotels\model\AdminStats.java
D:\Pramod 2\Engineearing\FaceXpress\Source_Code\hotel_checkin_server-master\hotels\src\main\java\com\nec\hotels\filter\RoleFilter.java
D:\Pramod 2\Engineearing\FaceXpress\Source_Code\hotel_checkin_server-master\hotels\src\main\java\com\nec\hotels\model\guest\GuestFactory.java
D:\Pramod 2\Engineearing\FaceXpress\Source_Code\hotel_checkin_server-master\hotels\src\main\java\com\nec\hotels\model\guest\SecondaryGuest.java
D:\Pramod 2\Engineearing\FaceXpress\Source_Code\hotel_checkin_server-master\hotels\src\main\java\com\nec\hotels\enums\PreCheckinStatus.java
D:\Pramod 2\Engineearing\FaceXpress\Source_Code\hotel_checkin_server-master\hotels\src\main\java\com\nec\hotels\service\QrDecryptionService.java
D:\Pramod 2\Engineearing\FaceXpress\Source_Code\hotel_checkin_server-master\hotels\src\main\java\com\nec\hotels\entity\GuestSpecialAmenities.java
D:\Pramod 2\Engineearing\FaceXpress\Source_Code\hotel_checkin_server-master\hotels\src\main\java\com\nec\hotels\controller\GuestController.java
D:\Pramod 2\Engineearing\FaceXpress\Source_Code\hotel_checkin_server-master\hotels\src\main\java\com\nec\hotels\dao\GuestRepository.java
D:\Pramod 2\Engineearing\FaceXpress\Source_Code\hotel_checkin_server-master\hotels\src\main\java\com\nec\hotels\enums\GuestType.java
D:\Pramod 2\Engineearing\FaceXpress\Source_Code\hotel_checkin_server-master\hotels\src\main\java\com\nec\hotels\model\checkin\CheckinDTO.java
D:\Pramod 2\Engineearing\FaceXpress\Source_Code\hotel_checkin_server-master\hotels\src\main\java\com\nec\hotels\mapper\AddressMapper.java
D:\Pramod 2\Engineearing\FaceXpress\Source_Code\hotel_checkin_server-master\hotels\src\main\java\com\nec\hotels\entity\Address.java
D:\Pramod 2\Engineearing\FaceXpress\Source_Code\hotel_checkin_server-master\hotels\src\main\java\com\nec\hotels\entity\Booking.java
D:\Pramod 2\Engineearing\FaceXpress\Source_Code\hotel_checkin_server-master\hotels\src\main\java\com\nec\hotels\service\OtpService.java
D:\Pramod 2\Engineearing\FaceXpress\Source_Code\hotel_checkin_server-master\hotels\src\main\java\com\nec\hotels\dao\GuestSpecialAmenitiesRepository.java
D:\Pramod 2\Engineearing\FaceXpress\Source_Code\hotel_checkin_server-master\hotels\src\main\java\com\nec\hotels\utils\MediaTypeUtils.java
D:\Pramod 2\Engineearing\FaceXpress\Source_Code\hotel_checkin_server-master\hotels\src\main\java\com\nec\hotels\dao\OtpConfigRepository.java
D:\Pramod 2\Engineearing\FaceXpress\Source_Code\hotel_checkin_server-master\hotels\src\main\java\com\nec\hotels\model\booking\BookingResponse.java
D:\Pramod 2\Engineearing\FaceXpress\Source_Code\hotel_checkin_server-master\hotels\src\main\java\com\nec\hotels\service\BookingService.java
D:\Pramod 2\Engineearing\FaceXpress\Source_Code\hotel_checkin_server-master\hotels\src\main\java\com\nec\hotels\model\guest\GuestDetails.java
D:\Pramod 2\Engineearing\FaceXpress\Source_Code\hotel_checkin_server-master\hotels\src\main\java\com\nec\hotels\utils\BookingUtils.java
D:\Pramod 2\Engineearing\FaceXpress\Source_Code\hotel_checkin_server-master\hotels\src\main\java\com\nec\hotels\enums\Title.java
D:\Pramod 2\Engineearing\FaceXpress\Source_Code\hotel_checkin_server-master\hotels\src\main\java\com\nec\hotels\model\WebhookResponse.java
D:\Pramod 2\Engineearing\FaceXpress\Source_Code\hotel_checkin_server-master\hotels\src\main\java\com\nec\hotels\enums\ValidExtensions.java
D:\Pramod 2\Engineearing\FaceXpress\Source_Code\hotel_checkin_server-master\hotels\src\main\java\com\nec\hotels\service\FaceRecognitionService.java
D:\Pramod 2\Engineearing\FaceXpress\Source_Code\hotel_checkin_server-master\hotels\src\main\java\com\nec\hotels\entity\CardDetails.java
D:\Pramod 2\Engineearing\FaceXpress\Source_Code\hotel_checkin_server-master\hotels\src\main\java\com\nec\hotels\utils\Constants.java
D:\Pramod 2\Engineearing\FaceXpress\Source_Code\hotel_checkin_server-master\hotels\src\main\java\com\nec\hotels\model\booking\Room.java
D:\Pramod 2\Engineearing\FaceXpress\Source_Code\hotel_checkin_server-master\hotels\src\main\java\com\nec\hotels\config\DataSourceConfig.java
D:\Pramod 2\Engineearing\FaceXpress\Source_Code\hotel_checkin_server-master\hotels\src\main\java\com\nec\hotels\config\SwaggerConfig.java
D:\Pramod 2\Engineearing\FaceXpress\Source_Code\hotel_checkin_server-master\hotels\src\main\java\com\nec\hotels\model\guest\KidsGuest.java
D:\Pramod 2\Engineearing\FaceXpress\Source_Code\hotel_checkin_server-master\hotels\src\main\java\com\nec\hotels\scheduler\BookingFetchSchduler.java
D:\Pramod 2\Engineearing\FaceXpress\Source_Code\hotel_checkin_server-master\hotels\src\main\java\com\nec\hotels\model\booking\FlightDetails.java
D:\Pramod 2\Engineearing\FaceXpress\Source_Code\hotel_checkin_server-master\hotels\src\main\java\com\nec\hotels\config\CustomRoutingDataSource.java
D:\Pramod 2\Engineearing\FaceXpress\Source_Code\hotel_checkin_server-master\hotels\src\main\java\com\nec\hotels\model\booking\RoomInclusions.java
D:\Pramod 2\Engineearing\FaceXpress\Source_Code\hotel_checkin_server-master\hotels\src\main\java\com\nec\hotels\service\EmailAndSmsService.java
D:\Pramod 2\Engineearing\FaceXpress\Source_Code\hotel_checkin_server-master\hotels\src\main\java\com\nec\hotels\model\checkin\CheckinDetails.java
D:\Pramod 2\Engineearing\FaceXpress\Source_Code\hotel_checkin_server-master\hotels\src\main\java\com\nec\hotels\service\HotelService.java
D:\Pramod 2\Engineearing\FaceXpress\Source_Code\hotel_checkin_server-master\hotels\src\main\java\com\nec\hotels\dao\BookingRepository.java
D:\Pramod 2\Engineearing\FaceXpress\Source_Code\hotel_checkin_server-master\hotels\src\main\java\com\nec\hotels\entity\GuestDocuments.java
D:\Pramod 2\Engineearing\FaceXpress\Source_Code\hotel_checkin_server-master\hotels\src\main\java\com\nec\hotels\controller\Crypto.java
D:\Pramod 2\Engineearing\FaceXpress\Source_Code\hotel_checkin_server-master\hotels\src\main\java\com\nec\hotels\model\guest\SharedGuest.java
