com\nec\facerecognition\FaceRecognitionClientApplication.class
com\nec\facerecognition\model\request\RegisterFaceDTO.class
com\nec\facerecognition\model\response\DetectFaceData.class
com\nec\facerecognition\model\request\RecogniseReqHeader.class
com\nec\facerecognition\model\Registrant.class
com\nec\facerecognition\model\response\RecogniseResData.class
com\nec\facerecognition\client\FaceClient.class
com\nec\facerecognition\gateway\FaceGateway.class
com\nec\facerecognition\model\request\RecogniseReqData.class
com\nec\facerecognition\model\response\RecogniseRes.class
com\nec\facerecognition\model\response\RegisterResData.class
com\nec\facerecognition\model\response\RegisterResHeader.class
com\nec\facerecognition\config\FaceRecognitionConfig.class
com\nec\facerecognition\model\request\FaceRecogniseRequest.class
com\nec\facerecognition\model\response\FaceRecogniseResponse.class
com\nec\facerecognition\model\response\FaceRegisterResponse.class
com\nec\facerecognition\model\response\RecogniseResHeader.class
com\nec\facerecognition\model\request\RegisterFaceDTO$ReqData.class
com\nec\facerecognition\model\response\AuthenticateList.class
com\nec\facerecognition\model\request\RegisterFaceDTO$ReqHeader.class
