D:\Pramod 2\Engineearing\FaceXpress\Source_Code\hotel_checkin_server-master\face-recognition-client\src\main\java\com\nec\facerecognition\model\response\FaceRecogniseResponse.java
D:\Pramod 2\Engineearing\FaceXpress\Source_Code\hotel_checkin_server-master\face-recognition-client\src\main\java\com\nec\facerecognition\model\response\RecogniseRes.java
D:\Pramod 2\Engineearing\FaceXpress\Source_Code\hotel_checkin_server-master\face-recognition-client\src\main\java\com\nec\facerecognition\model\response\RegisterResHeader.java
D:\Pramod 2\Engineearing\FaceXpress\Source_Code\hotel_checkin_server-master\face-recognition-client\src\main\java\com\nec\facerecognition\model\response\FaceRegisterResponse.java
D:\Pramod 2\Engineearing\FaceXpress\Source_Code\hotel_checkin_server-master\face-recognition-client\src\main\java\com\nec\facerecognition\config\FaceRecognitionConfig.java
D:\Pramod 2\Engineearing\FaceXpress\Source_Code\hotel_checkin_server-master\face-recognition-client\src\main\java\com\nec\facerecognition\model\request\RecogniseReqData.java
D:\Pramod 2\Engineearing\FaceXpress\Source_Code\hotel_checkin_server-master\face-recognition-client\src\main\java\com\nec\facerecognition\model\request\RegisterFaceDTO.java
D:\Pramod 2\Engineearing\FaceXpress\Source_Code\hotel_checkin_server-master\face-recognition-client\src\main\java\com\nec\facerecognition\gateway\FaceGateway.java
D:\Pramod 2\Engineearing\FaceXpress\Source_Code\hotel_checkin_server-master\face-recognition-client\src\main\java\com\nec\facerecognition\model\Registrant.java
D:\Pramod 2\Engineearing\FaceXpress\Source_Code\hotel_checkin_server-master\face-recognition-client\src\main\java\com\nec\facerecognition\model\response\RegisterResData.java
D:\Pramod 2\Engineearing\FaceXpress\Source_Code\hotel_checkin_server-master\face-recognition-client\src\main\java\com\nec\facerecognition\model\response\DetectFaceData.java
D:\Pramod 2\Engineearing\FaceXpress\Source_Code\hotel_checkin_server-master\face-recognition-client\src\main\java\com\nec\facerecognition\model\response\RecogniseResHeader.java
D:\Pramod 2\Engineearing\FaceXpress\Source_Code\hotel_checkin_server-master\face-recognition-client\src\main\java\com\nec\facerecognition\model\request\RecogniseReqHeader.java
D:\Pramod 2\Engineearing\FaceXpress\Source_Code\hotel_checkin_server-master\face-recognition-client\src\main\java\com\nec\facerecognition\model\response\RecogniseResData.java
D:\Pramod 2\Engineearing\FaceXpress\Source_Code\hotel_checkin_server-master\face-recognition-client\src\main\java\com\nec\facerecognition\model\request\FaceRecogniseRequest.java
D:\Pramod 2\Engineearing\FaceXpress\Source_Code\hotel_checkin_server-master\face-recognition-client\src\main\java\com\nec\facerecognition\FaceRecognitionClientApplication.java
D:\Pramod 2\Engineearing\FaceXpress\Source_Code\hotel_checkin_server-master\face-recognition-client\src\main\java\com\nec\facerecognition\model\response\AuthenticateList.java
D:\Pramod 2\Engineearing\FaceXpress\Source_Code\hotel_checkin_server-master\face-recognition-client\src\main\java\com\nec\facerecognition\client\FaceClient.java
