D:\Pramod 2\Engineearing\FaceXpress\Source_Code\hotel_checkin_server-master\master-client\src\main\java\com\nec\master\MasterClientApplication.java
D:\Pramod 2\Engineearing\FaceXpress\Source_Code\hotel_checkin_server-master\master-client\src\main\java\com\nec\master\gateway\MasterGateway.java
D:\Pramod 2\Engineearing\FaceXpress\Source_Code\hotel_checkin_server-master\master-client\src\main\java\com\nec\master\client\MasterClient.java
D:\Pramod 2\Engineearing\FaceXpress\Source_Code\hotel_checkin_server-master\master-client\src\main\java\com\nec\master\config\MasterConfig.java
D:\Pramod 2\Engineearing\FaceXpress\Source_Code\hotel_checkin_server-master\master-client\src\main\java\com\nec\master\model\User.java
D:\Pramod 2\Engineearing\FaceXpress\Source_Code\hotel_checkin_server-master\master-client\src\main\java\com\nec\master\model\Address.java
D:\Pramod 2\Engineearing\FaceXpress\Source_Code\hotel_checkin_server-master\master-client\src\main\java\com\nec\master\model\DBConnection.java
D:\Pramod 2\Engineearing\FaceXpress\Source_Code\hotel_checkin_server-master\master-client\src\main\java\com\nec\master\model\Hotel.java
D:\Pramod 2\Engineearing\FaceXpress\Source_Code\hotel_checkin_server-master\master-client\src\main\java\com\nec\master\model\Configuration.java
D:\Pramod 2\Engineearing\FaceXpress\Source_Code\hotel_checkin_server-master\master-client\src\main\java\com\nec\master\model\Chain.java
